==================================================
[2026-04-06 11:31:22,16] Inicio
From https://github.com/CISNECIO/rp_news
 * branch            main       -> FETCH_HEAD
Already up to date.
Converted 2873 articles -> C:\Users\2822\OneDrive - BCRP\DAIFR - Noticias de innovación financiera\Recopilación NI\rp-news-project-v11\rp-news\data\news.json
  Categories: Banca, Fintech, Inversiones, Pagos, Regulación
  Sources: 24/7, 6minutos, ANNA, ASBANC, Alfintech, Americaeconomia, América Economía, Andina, Asbanc, Astropay, BBVA, BIS, BNP Pariba, BNP Paribas, Banco Central de Canadá, Bank and Finance, Bankofengland, Bbva, Bcrp, Bcrportal, Belvo, Bigdata, Bing, Bis, Bitpanda, Blog, Bloomberg, Bloomberg en Línea, Bloomberglinea, Bnamericas, Br, Braziljournal, Business Insider, Business Post, Business empresarial, Businessempresarial, Businesswire, Bvl, CNBC, Cajaarequipa, Cajaica, Centralbanking, Cepal, Chocale, Cinco Días, City, Cloud, Coinbase, Coindesk, Colombiafintech, Comercio, Commbank, Computerweekly, Connecting the dots in Fintech, Cronista, Cryptonomist, Df, Dfmas, Dfsud, Diario Financiero, Diario UNO, Diarioelpueblo, Diariohoy, Digital Asset Hub, Drive, Ebis, El Comercio, El Economista, El Mercurio, El Mercurio Chile, El Peruano, El Pueblo, El comercio, ElComercio, Elceo, Elcomercio, Elespectador, Elliptic, Emol, Emprendedorestv, Es, Exitosa, Exitosanoticias, Expreso, Ey, FCA, FENACREP, FInextra, FX Leaders, Facebook, Fenacrep, Fepcmac, Ffnews, Finance, Finance Magnates, Financial Times, Financial news, Finanzas y Desarrollo del IMF, Finextra, Finsiders, Finsiders Brasil, Fintech, Fintech Global, Fintech Global y Finextra, Fintech Magazine, Fintech Review, Fintech Times, Fintech global, FintechWeekly, Fintechfutures, Fintechnews, Fintextra, Forbes, Fpcmac, Ft, Fuente no identificada, Gan@ más, Gan@Más, Gan@más, Gana Más, Gana más, GanaMás, Ganam@s, Ganamás, Gestion, Gestión, Gestión - versión impresa, Gestión versión impresa, Gestión versión mpresa, Gestión y Semana Económica, Global Fintech Insider, Globalclient, Gob, Google, Google Cloud, Grupocredicorp, HSBC, Hola, IADB, IUPANA, Idbinvest, Industry Dive, Infobae, Infomercado, Investor, Iupana, J.P. Morgan, JP Morgan, Klarna, Kushki, Kyivpost, LRT, La Contra, La Razón, La República, La Tercera, Larepublica, Latam Fintech, Latam Fintech Hub, Latam Fintech hub, LatamFintech, Latamfintech, Linkedin, Lloys Banking Group, Mas, Mas Finanzas, Masfinanzas, Mastercard, Maximo, MicroFinanzas, Microfinanzas, Moneyweb, Más Fin@nzas, Más Finanz@s, Más Finanzas, Más finanzas, MásFin@nzas, MásFinan@z, MásFinanz@s, MásFinanzas, Newswriter, Nu México, Nubank, PL, PYMNTS, PayPal, Paymnts, Paypers, Peru, Peru21, Perú 21, Perú Retail, Perú retail, Pilotín, Pressperu, Publishing, Pymnts, RPP, Reuters, Reuters y CoinTelegraph, Revistaeconomia, Revistaganamas, Revolut, Robinhood, Rpp, SBS, SEC, Santander, Sbs, Segurosyara, Semana Económica, Semana económica, Semanaeconomica, Soypositivo, Startupslatam, Tech Funding, TechCrunch, Techcrunch, Tekiosmag, Temenos, Tha Paypers, The Asian Banker, The Block, The Business Times, The Economist, The Fintech Times, The Guardian, The National, The Paypers, The paypers, ThePaypers, Thepaypers, Trading View, UKTN, Ualá, Ulima, Up, Valoraanalitik, Visa, Vodanovic, Wolet, Www1-folha-uol-com-br, Yahoo Finance, Youtube, artículo de Vodanovic en Gestión, artículo de opinión de Ljubica Vodanovic en Gestión, eToro, elias, finnovista, gana más, iProup, informe de opinión - Gestión, latamfintech hub, no va, ok, opcional, repe?, reuters, video
  Regions: Internacional, Local
fatal: pathspec '.gitignore' did not match any files
[2026-04-06 11:31:39,31] Sin cambios para commit
[2026-04-06 11:31:39,32] Fin OK
==================================================
[2026-04-06 11:35:10,06] Inicio
From https://github.com/CISNECIO/rp_news
 * branch            main       -> FETCH_HEAD
Already up to date.
Converted 2873 articles -> C:\Users\2822\OneDrive - BCRP\DAIFR - Noticias de innovación financiera\Recopilación NI\rp-news-project-v11\rp-news\data\news.json
  Categories: Banca, Fintech, Inversiones, Pagos, Regulación
  Sources: 24/7, 6minutos, ANNA, ASBANC, Alfintech, Americaeconomia, América Economía, Andina, Asbanc, Astropay, BBVA, BIS, BNP Pariba, BNP Paribas, Banco Central de Canadá, Bank and Finance, Bankofengland, Bbva, Bcrp, Bcrportal, Belvo, Bigdata, Bing, Bis, Bitpanda, Blog, Bloomberg, Bloomberg en Línea, Bloomberglinea, Bnamericas, Br, Braziljournal, Business Insider, Business Post, Business empresarial, Businessempresarial, Businesswire, Bvl, CNBC, Cajaarequipa, Cajaica, Centralbanking, Cepal, Chocale, Cinco Días, City, Cloud, Coinbase, Coindesk, Colombiafintech, Comercio, Commbank, Computerweekly, Connecting the dots in Fintech, Cronista, Cryptonomist, Df, Dfmas, Dfsud, Diario Financiero, Diario UNO, Diarioelpueblo, Diariohoy, Digital Asset Hub, Drive, Ebis, El Comercio, El Economista, El Mercurio, El Mercurio Chile, El Peruano, El Pueblo, El comercio, ElComercio, Elceo, Elcomercio, Elespectador, Elliptic, Emol, Emprendedorestv, Es, Exitosa, Exitosanoticias, Expreso, Ey, FCA, FENACREP, FInextra, FX Leaders, Facebook, Fenacrep, Fepcmac, Ffnews, Finance, Finance Magnates, Financial Times, Financial news, Finanzas y Desarrollo del IMF, Finextra, Finsiders, Finsiders Brasil, Fintech, Fintech Global, Fintech Global y Finextra, Fintech Magazine, Fintech Review, Fintech Times, Fintech global, FintechWeekly, Fintechfutures, Fintechnews, Fintextra, Forbes, Fpcmac, Ft, Fuente no identificada, Gan@ más, Gan@Más, Gan@más, Gana Más, Gana más, GanaMás, Ganam@s, Ganamás, Gestion, Gestión, Gestión - versión impresa, Gestión versión impresa, Gestión versión mpresa, Gestión y Semana Económica, Global Fintech Insider, Globalclient, Gob, Google, Google Cloud, Grupocredicorp, HSBC, Hola, IADB, IUPANA, Idbinvest, Industry Dive, Infobae, Infomercado, Investor, Iupana, J.P. Morgan, JP Morgan, Klarna, Kushki, Kyivpost, LRT, La Contra, La Razón, La República, La Tercera, Larepublica, Latam Fintech, Latam Fintech Hub, Latam Fintech hub, LatamFintech, Latamfintech, Linkedin, Lloys Banking Group, Mas, Mas Finanzas, Masfinanzas, Mastercard, Maximo, MicroFinanzas, Microfinanzas, Moneyweb, Más Fin@nzas, Más Finanz@s, Más Finanzas, Más finanzas, MásFin@nzas, MásFinan@z, MásFinanz@s, MásFinanzas, Newswriter, Nu México, Nubank, PL, PYMNTS, PayPal, Paymnts, Paypers, Peru, Peru21, Perú 21, Perú Retail, Perú retail, Pilotín, Pressperu, Publishing, Pymnts, RPP, Reuters, Reuters y CoinTelegraph, Revistaeconomia, Revistaganamas, Revolut, Robinhood, Rpp, SBS, SEC, Santander, Sbs, Segurosyara, Semana Económica, Semana económica, Semanaeconomica, Soypositivo, Startupslatam, Tech Funding, TechCrunch, Techcrunch, Tekiosmag, Temenos, Tha Paypers, The Asian Banker, The Block, The Business Times, The Economist, The Fintech Times, The Guardian, The National, The Paypers, The paypers, ThePaypers, Thepaypers, Trading View, UKTN, Ualá, Ulima, Up, Valoraanalitik, Visa, Vodanovic, Wolet, Www1-folha-uol-com-br, Yahoo Finance, Youtube, artículo de Vodanovic en Gestión, artículo de opinión de Ljubica Vodanovic en Gestión, eToro, elias, finnovista, gana más, iProup, informe de opinión - Gestión, latamfintech hub, no va, ok, opcional, repe?, reuters, video
  Regions: Internacional, Local
[main 64fe2e6] actualizacion automatica diaria
 1 file changed, 1 insertion(+), 1 deletion(-)
To https://github.com/CISNECIO/rp_news.git
   e1afea0..64fe2e6  main -> main
[2026-04-06 11:35:33,91] Fin OK
==================================================
[2026-04-06 14:44:12,67] Inicio
From https://github.com/CISNECIO/rp_news
 * branch            main       -> FETCH_HEAD
Already up to date.
Converted 2873 articles -> C:\Users\2822\OneDrive - BCRP\DAIFR - Noticias de innovación financiera\Recopilación NI\rp-news-project-v11\rp-news\data\news.json
  Categories: Banca, Fintech, Inversiones, Pagos, Regulación
  Sources: 24/7, 6minutos, ANNA, ASBANC, Alfintech, Americaeconomia, América Economía, Andina, Asbanc, Astropay, BBVA, BIS, BNP Pariba, BNP Paribas, Banco Central de Canadá, Bank and Finance, Bankofengland, Bbva, Bcrp, Bcrportal, Belvo, Bigdata, Bing, Bis, Bitpanda, Blog, Bloomberg, Bloomberg en Línea, Bloomberglinea, Bnamericas, Br, Braziljournal, Business Insider, Business Post, Business empresarial, Businessempresarial, Businesswire, Bvl, CNBC, Cajaarequipa, Cajaica, Centralbanking, Cepal, Chocale, Cinco Días, City, Cloud, Coinbase, Coindesk, Colombiafintech, Comercio, Commbank, Computerweekly, Connecting the dots in Fintech, Cronista, Cryptonomist, Df, Dfmas, Dfsud, Diario Financiero, Diario UNO, Diarioelpueblo, Diariohoy, Digital Asset Hub, Drive, Ebis, El Comercio, El Economista, El Mercurio, El Mercurio Chile, El Peruano, El Pueblo, El comercio, ElComercio, Elceo, Elcomercio, Elespectador, Elliptic, Emol, Emprendedorestv, Es, Exitosa, Exitosanoticias, Expreso, Ey, FCA, FENACREP, FInextra, FX Leaders, Facebook, Fenacrep, Fepcmac, Ffnews, Finance, Finance Magnates, Financial Times, Financial news, Finanzas y Desarrollo del IMF, Finextra, Finsiders, Finsiders Brasil, Fintech, Fintech Global, Fintech Global y Finextra, Fintech Magazine, Fintech Review, Fintech Times, Fintech global, FintechWeekly, Fintechfutures, Fintechnews, Fintextra, Forbes, Fpcmac, Ft, Fuente no identificada, Gan@ más, Gan@Más, Gan@más, Gana Más, Gana más, GanaMás, Ganam@s, Ganamás, Gestion, Gestión, Gestión - versión impresa, Gestión versión impresa, Gestión versión mpresa, Gestión y Semana Económica, Global Fintech Insider, Globalclient, Gob, Google, Google Cloud, Grupocredicorp, HSBC, Hola, IADB, IUPANA, Idbinvest, Industry Dive, Infobae, Infomercado, Investor, Iupana, J.P. Morgan, JP Morgan, Klarna, Kushki, Kyivpost, LRT, La Contra, La Razón, La República, La Tercera, Larepublica, Latam Fintech, Latam Fintech Hub, Latam Fintech hub, LatamFintech, Latamfintech, Linkedin, Lloys Banking Group, Mas, Mas Finanzas, Masfinanzas, Mastercard, Maximo, MicroFinanzas, Microfinanzas, Moneyweb, Más Fin@nzas, Más Finanz@s, Más Finanzas, Más finanzas, MásFin@nzas, MásFinan@z, MásFinanz@s, MásFinanzas, Newswriter, Nu México, Nubank, PL, PYMNTS, PayPal, Paymnts, Paypers, Peru, Peru21, Perú 21, Perú Retail, Perú retail, Pilotín, Pressperu, Publishing, Pymnts, RPP, Reuters, Reuters y CoinTelegraph, Revistaeconomia, Revistaganamas, Revolut, Robinhood, Rpp, SBS, SEC, Santander, Sbs, Segurosyara, Semana Económica, Semana económica, Semanaeconomica, Soypositivo, Startupslatam, Tech Funding, TechCrunch, Techcrunch, Tekiosmag, Temenos, Tha Paypers, The Asian Banker, The Block, The Business Times, The Economist, The Fintech Times, The Guardian, The National, The Paypers, The paypers, ThePaypers, Thepaypers, Trading View, UKTN, Ualá, Ulima, Up, Valoraanalitik, Visa, Vodanovic, Wolet, Www1-folha-uol-com-br, Yahoo Finance, Youtube, artículo de Vodanovic en Gestión, artículo de opinión de Ljubica Vodanovic en Gestión, eToro, elias, finnovista, gana más, iProup, informe de opinión - Gestión, latamfintech hub, no va, ok, opcional, repe?, reuters, video
  Regions: Internacional, Local
warning: in the working copy of 'index.html', LF will be replaced by CRLF the next time Git touches it
[main d558383] actualizacion automatica diaria
 2 files changed, 312 insertions(+), 179 deletions(-)
To https://github.com/CISNECIO/rp_news.git
   64fe2e6..d558383  main -> main
[2026-04-06 14:44:35,17] Fin OK
==================================================
[2026-04-06 15:40:03,98] Inicio
From https://github.com/CISNECIO/rp_news
 * branch            main       -> FETCH_HEAD
Already up to date.
 Converted 2873 articles -> C:\Users\2822\OneDrive - BCRP\DAIFR - Noticias de innovación financiera\Recopilación NI\rp-news-project-v11\rp-news\data\news.json
  Categories: Banca, Fintech, Inversiones, Pagos, Regulación
  Sources: 24/7, 6minutos, ANNA, ASBANC, Alfintech, Americaeconomia, América Economía, Andina, Asbanc, Astropay, BBVA, BIS, BNP Pariba, BNP Paribas, Banco Central de Canadá, Bank and Finance, Bankofengland, Bbva, Bcrp, Bcrportal, Belvo, Bigdata, Bing, Bis, Bitpanda, Blog, Bloomberg, Bloomberg en Línea, Bloomberglinea, Bnamericas, Br, Braziljournal, Business Insider, Business Post, Business empresarial, Businessempresarial, Businesswire, Bvl, CNBC, Cajaarequipa, Cajaica, Centralbanking, Cepal, Chocale, Cinco Días, City, Cloud, Coinbase, Coindesk, Colombiafintech, Comercio, Commbank, Computerweekly, Connecting the dots in Fintech, Cronista, Cryptonomist, Df, Dfmas, Dfsud, Diario Financiero, Diario UNO, Diarioelpueblo, Diariohoy, Digital Asset Hub, Drive, Ebis, El Comercio, El Economista, El Mercurio, El Mercurio Chile, El Peruano, El Pueblo, El comercio, ElComercio, Elceo, Elcomercio, Elespectador, Elliptic, Emol, Emprendedorestv, Es, Exitosa, Exitosanoticias, Expreso, Ey, FCA, FENACREP, FInextra, FX Leaders, Facebook, Fenacrep, Fepcmac, Ffnews, Finance, Finance Magnates, Financial Times, Financial news, Finanzas y Desarrollo del IMF, Finextra, Finsiders, Finsiders Brasil, Fintech, Fintech Global, Fintech Global y Finextra, Fintech Magazine, Fintech Review, Fintech Times, Fintech global, FintechWeekly, Fintechfutures, Fintechnews, Fintextra, Forbes, Fpcmac, Ft, Fuente no identificada, Gan@ más, Gan@Más, Gan@más, Gana Más, Gana más, GanaMás, Ganam@s, Ganamás, Gestion, Gestión, Gestión - versión impresa, Gestión versión impresa, Gestión versión mpresa, Gestión y Semana Económica, Global Fintech Insider, Globalclient, Gob, Google, Google Cloud, Grupocredicorp, HSBC, Hola, IADB, IUPANA, Idbinvest, Industry Dive, Infobae, Infomercado, Investor, Iupana, J.P. Morgan, JP Morgan, Klarna, Kushki, Kyivpost, LRT, La Contra, La Razón, La República, La Tercera, Larepublica, Latam Fintech, Latam Fintech Hub, Latam Fintech hub, LatamFintech, Latamfintech, Linkedin, Lloys Banking Group, Mas, Mas Finanzas, Masfinanzas, Mastercard, Maximo, MicroFinanzas, Microfinanzas, Moneyweb, Más Fin@nzas, Más Finanz@s, Más Finanzas, Más finanzas, MásFin@nzas, MásFinan@z, MásFinanz@s, MásFinanzas, Newswriter, Nu México, Nubank, PL, PYMNTS, PayPal, Paymnts, Paypers, Peru, Peru21, Perú 21, Perú Retail, Perú retail, Pilotín, Pressperu, Publishing, Pymnts, RPP, Reuters, Reuters y CoinTelegraph, Revistaeconomia, Revistaganamas, Revolut, Robinhood, Rpp, SBS, SEC, Santander, Sbs, Segurosyara, Semana Económica, Semana económica, Semanaeconomica, Soypositivo, Startupslatam, Tech Funding, TechCrunch, Techcrunch, Tekiosmag, Temenos, Tha Paypers, The Asian Banker, The Block, The Business Times, The Economist, The Fintech Times, The Guardian, The National, The Paypers, The paypers, ThePaypers, Thepaypers, Trading View, UKTN, Ualá, Ulima, Up, Valoraanalitik, Visa, Vodanovic, Wolet, Www1-folha-uol-com-br, Yahoo Finance, Youtube, artículo de Vodanovic en Gestión, artículo de opinión de Ljubica Vodanovic en Gestión, eToro, elias, finnovista, gana más, iProup, informe de opinión - Gestión, latamfintech hub, no va, ok, opcional, repe?, reuters, video
  Regions: Internacional, Local
warning: in the working copy of 'index.html', LF will be replaced by CRLF the next time Git touches it
[main bcbc44b] actualizacion automatica diaria
 2 files changed, 2170 insertions(+), 1915 deletions(-)
To https://github.com/CISNECIO/rp_news.git
   d558383..bcbc44b  main -> main
[2026-04-06 15:40:27,03] Fin OK
==================================================
[2026-04-06 16:11:33,30] Inicio
From https://github.com/CISNECIO/rp_news
 * branch            main       -> FETCH_HEAD
Already up to date.
 Converted 2873 articles -> C:\Users\2822\OneDrive - BCRP\DAIFR - Noticias de innovación financiera\Recopilación NI\rp-news-project-v11\rp-news\data\news.json
  Categories: Banca, Fintech, Inversiones, Pagos, Regulación
  Sources: 24/7, 6minutos, ANNA, ASBANC, Alfintech, Americaeconomia, América Economía, Andina, Asbanc, Astropay, BBVA, BIS, BNP Pariba, BNP Paribas, Banco Central de Canadá, Bank and Finance, Bankofengland, Bbva, Bcrp, Bcrportal, Belvo, Bigdata, Bing, Bis, Bitpanda, Blog, Bloomberg, Bloomberg en Línea, Bloomberglinea, Bnamericas, Br, Braziljournal, Business Insider, Business Post, Business empresarial, Businessempresarial, Businesswire, Bvl, CNBC, Cajaarequipa, Cajaica, Centralbanking, Cepal, Chocale, Cinco Días, City, Cloud, Coinbase, Coindesk, Colombiafintech, Comercio, Commbank, Computerweekly, Connecting the dots in Fintech, Cronista, Cryptonomist, Df, Dfmas, Dfsud, Diario Financiero, Diario UNO, Diarioelpueblo, Diariohoy, Digital Asset Hub, Drive, Ebis, El Comercio, El Economista, El Mercurio, El Mercurio Chile, El Peruano, El Pueblo, El comercio, ElComercio, Elceo, Elcomercio, Elespectador, Elliptic, Emol, Emprendedorestv, Es, Exitosa, Exitosanoticias, Expreso, Ey, FCA, FENACREP, FInextra, FX Leaders, Facebook, Fenacrep, Fepcmac, Ffnews, Finance, Finance Magnates, Financial Times, Financial news, Finanzas y Desarrollo del IMF, Finextra, Finsiders, Finsiders Brasil, Fintech, Fintech Global, Fintech Global y Finextra, Fintech Magazine, Fintech Review, Fintech Times, Fintech global, FintechWeekly, Fintechfutures, Fintechnews, Fintextra, Forbes, Fpcmac, Ft, Fuente no identificada, Gan@ más, Gan@Más, Gan@más, Gana Más, Gana más, GanaMás, Ganam@s, Ganamás, Gestion, Gestión, Gestión - versión impresa, Gestión versión impresa, Gestión versión mpresa, Gestión y Semana Económica, Global Fintech Insider, Globalclient, Gob, Google, Google Cloud, Grupocredicorp, HSBC, Hola, IADB, IUPANA, Idbinvest, Industry Dive, Infobae, Infomercado, Investor, Iupana, J.P. Morgan, JP Morgan, Klarna, Kushki, Kyivpost, LRT, La Contra, La Razón, La República, La Tercera, Larepublica, Latam Fintech, Latam Fintech Hub, Latam Fintech hub, LatamFintech, Latamfintech, Linkedin, Lloys Banking Group, Mas, Mas Finanzas, Masfinanzas, Mastercard, Maximo, MicroFinanzas, Microfinanzas, Moneyweb, Más Fin@nzas, Más Finanz@s, Más Finanzas, Más finanzas, MásFin@nzas, MásFinan@z, MásFinanz@s, MásFinanzas, Newswriter, Nu México, Nubank, PL, PYMNTS, PayPal, Paymnts, Paypers, Peru, Peru21, Perú 21, Perú Retail, Perú retail, Pilotín, Pressperu, Publishing, Pymnts, RPP, Reuters, Reuters y CoinTelegraph, Revistaeconomia, Revistaganamas, Revolut, Robinhood, Rpp, SBS, SEC, Santander, Sbs, Segurosyara, Semana Económica, Semana económica, Semanaeconomica, Soypositivo, Startupslatam, Tech Funding, TechCrunch, Techcrunch, Tekiosmag, Temenos, Tha Paypers, The Asian Banker, The Block, The Business Times, The Economist, The Fintech Times, The Guardian, The National, The Paypers, The paypers, ThePaypers, Thepaypers, Trading View, UKTN, Ualá, Ulima, Up, Valoraanalitik, Visa, Vodanovic, Wolet, Www1-folha-uol-com-br, Yahoo Finance, Youtube, artículo de Vodanovic en Gestión, artículo de opinión de Ljubica Vodanovic en Gestión, eToro, elias, finnovista, gana más, iProup, informe de opinión - Gestión, latamfintech hub, no va, ok, opcional, repe?, reuters, video
  Regions: Internacional, Local
[main 21e8f45] actualizacion automatica diaria
 1 file changed, 1 insertion(+), 1 deletion(-)
To https://github.com/CISNECIO/rp_news.git
   bcbc44b..21e8f45  main -> main
[2026-04-06 16:11:57,82] Fin OK
==================================================
[2026-04-07 10:16:48,66] Inicio
From https://github.com/CISNECIO/rp_news
 * branch            main       -> FETCH_HEAD
Already up to date.
 Converted 2873 articles -> C:\Users\2822\OneDrive - BCRP\DAIFR - Noticias de innovación financiera\Recopilación NI\rp-news-project-v11\rp-news\data\news.json
  Categories: Banca, Fintech, Inversiones, Pagos, Regulación
  Sources: 24/7, 6minutos, ANNA, Alfintech, Americaeconomia, América Economía, Andina, Asbanc, Astropay, BBVA, BIS, BNP Pariba, BNP Paribas, Banco Central de Canadá, Bank and Finance, Bankofengland, Bbva, Bcrp, Bcrportal, Belvo, Bigdata, Bing, Bis, Bitpanda, Blog, Bloomberg, Bloomberg en Línea, Bloomberglinea, Bnamericas, Br, Braziljournal, Business Insider, Business Post, Business empresarial, Businessempresarial, Businesswire, Bvl, CNBC, Cajaarequipa, Cajaica, Centralbanking, Cepal, Chocale, Cinco Días, City, Cloud, Coinbase, Coindesk, Colombiafintech, Comercio, Commbank, Computerweekly, Connecting the dots in Fintech, Cronista, Cryptonomist, Df, Dfmas, Dfsud, Diario Financiero, Diario UNO, Diarioelpueblo, Diariohoy, Digital Asset Hub, Drive, Ebis, El Comercio, El Economista, El Mercurio, El Mercurio Chile, El Peruano, El Pueblo, El comercio, ElComercio, Elceo, Elcomercio, Elespectador, Elliptic, Emol, Emprendedorestv, Es, Exitosa, Exitosanoticias, Expreso, Ey, FCA, FENACREP, FInextra, FX Leaders, Facebook, Fenacrep, Fepcmac, Ffnews, Finance, Finance Magnates, Financial Times, Financial news, Finanzas y Desarrollo del IMF, Finextra, Finsiders, Finsiders Brasil, Fintech, Fintech Global, Fintech Global y Finextra, Fintech Magazine, Fintech Review, Fintech Times, Fintech global, FintechWeekly, Fintechfutures, Fintechnews, Fintextra, Forbes, Fpcmac, Ft, Fuente no identificada, Gan@ Más, Gan@ más, GanaMás, Ganam@s, Ganamás, Gestion, Gestión, Gestión - versión impresa, Gestión versión impresa, Gestión versión mpresa, Gestión y Semana Económica, Global Fintech Insider, Globalclient, Gob, Google, Google Cloud, Grupocredicorp, HSBC, Hola, IADB, IUPANA, Idbinvest, Industry Dive, Infobae, Infomercado, Investor, Iupana, J.P. Morgan, JP Morgan, Klarna, Kushki, Kyivpost, LRT, La Contra, La Razón, La República, La Tercera, Larepublica, Latam Fintech, Latam Fintech Hub, Latam Fintech hub, LatamFintech, Latamfintech, Linkedin, Lloys Banking Group, Mas, Mas Finanzas, Masfinanzas, Mastercard, Maximo, MicroFinanzas, Microfinanzas, Moneyweb, Más Fin@nzas, Más Finanz@s, Más Finanzas, Más finanzas, MásFin@nzas, MásFinan@z, MásFinanz@s, MásFinanzas, Newswriter, Nu México, Nubank, PL, PYMNTS, PayPal, Paymnts, Paypers, Peru, Peru21, Perú 21, Perú Retail, Perú retail, Pilotín, Pressperu, Publishing, Pymnts, RPP, Reuters, Reuters y CoinTelegraph, Revistaeconomia, Revistaganamas, Revolut, Robinhood, Rpp, SBS, SEC, Santander, Sbs, Segurosyara, Semana Económica, Semanaeconomica, Soypositivo, Startupslatam, Tech Funding, TechCrunch, Techcrunch, Tekiosmag, Temenos, Tha Paypers, The Asian Banker, The Block, The Business Times, The Economist, The Fintech Times, The Guardian, The National, The Paypers, The paypers, ThePaypers, Thepaypers, Trading View, UKTN, Ualá, Ulima, Up, Valoraanalitik, Visa, Vodanovic, Wolet, Www1-folha-uol-com-br, Yahoo Finance, Youtube, artículo de Vodanovic en Gestión, artículo de opinión de Ljubica Vodanovic en Gestión, eToro, elias, finnovista, iProup, informe de opinión - Gestión, latamfintech hub, no va, ok, opcional, repe?, reuters, video
  Regions: Internacional, Local
warning: in the working copy of 'index.html', LF will be replaced by CRLF the next time Git touches it
[main 0759915] actualizacion automatica diaria
 2 files changed, 169 insertions(+), 195 deletions(-)
To https://github.com/CISNECIO/rp_news.git
   21e8f45..0759915  main -> main
[2026-04-07 10:17:22,25] Fin OK
==================================================
[2026-04-07 15:02:51,88] Inicio
From https://github.com/CISNECIO/rp_news
 * branch            main       -> FETCH_HEAD
Already up to date.
==================================================
[2026-04-07 15:11:55,79] Inicio
^C==================================================
[Tue 04/07/2026 21:28:10.75] Inicio
From https://github.com/CISNECIO/rp_news
 * branch            main       -> FETCH_HEAD
Already up to date.
The system cannot find the path specified.
[Tue 04/07/2026 21:28:12.14] ERROR
==================================================
[2026-04-08  9:12:41,95] Inicio
From https://github.com/CISNECIO/rp_news
 * branch            main       -> FETCH_HEAD
Already up to date.
 Converted 2905 articles -> C:\Users\2822\OneDrive - BCRP\DAIFR - Noticias de innovación financiera\Recopilación NI\rp-news-project-v11\rp-news\data\news.json
  Categories: Banca, Fintech, Inversiones, Pagos, Regulación
  Sources: 24/7, 6minutos, ANNA, Alfintech, Americaeconomia, América Economía, Andina, Asbanc, Astropay, BBVA, BIS, BNP Pariba, BNP Paribas, Banco Central de Canadá, Bank and Finance, Bankofengland, Bbva, Bcrp, Bcrportal, Belvo, Bigdata, Bing, Bis, Bitpanda, Blog, Bloomberg, Bloomberg en Línea, Bloomberglinea, Bnamericas, Br, Braziljournal, Business Insider, Business Post, Business empresarial, Businessempresarial, Businesswire, Bvl, CNBC, Cajaarequipa, Cajaica, Centralbanking, Cepal, Chocale, Cinco Días, City, Cloud, Coinbase, Coindesk, Colombiafintech, Comercio, Commbank, Computerweekly, Connecting the dots in Fintech, Cronista, Cryptonomist, Df, Dfmas, Dfsud, Diario Financiero, Diario UNO, Diarioelpueblo, Diariohoy, Digital Asset Hub, Drive, Ebis, El Comercio, El Economista, El Mercurio, El Mercurio Chile, El Peruano, El Pueblo, El comercio, ElComercio, Elceo, Elcomercio, Elespectador, Elliptic, Emol, Emprendedorestv, Es, Exitosa, Exitosanoticias, Expreso, Ey, FCA, FENACREP, FInextra, FX Leaders, Facebook, Fenacrep, Fepcmac, Ffnews, Finance, Finance Magnates, Financial Times, Financial news, Finanzas y Desarrollo del IMF, Finextra, Finsiders, Finsiders Brasil, Fintech, Fintech Futures, Fintech Global, Fintech Global y Finextra, Fintech Magazine, Fintech Magnates, Fintech Review, Fintech Times, Fintech global, FintechWeekly, Fintechfutures, Fintechnews, Fintextra, Forbes, Forbes Perú, Fpcmac, Ft, Fuente no identificada, Gan@ Más, Gan@ más, Gan@Más, Gana más, GanaMás, Ganam@s, Ganamás, Gestion, Gestión, Gestión - versión impresa, Gestión versión impresa, Gestión versión mpresa, Gestión y Semana Económica, Global Fintech Insider, Globalclient, Gob, Google, Google Cloud, Grupocredicorp, HSBC, Hola, IADB, IUPANA, Idbinvest, Industry Dive, Infobae, Infomercado, Investor, Iupana, J.P. Morgan, JP Morgan, Klarna, Kushki, Kyivpost, LRT, La Contra, La Razón, La República, La Tercera, Larepublica, Latam Fintech, Latam Fintech Hub, Latam Fintech hub, LatamFintech, Latamfintech, Linkedin, Lloys Banking Group, Mas, Mas Finanzas, Masfinanzas, Mastercard, Maximo, MicroFinanzas, Microfinanzas, Moneyweb, Más Fin@nzas, Más Finanz@s, Más Finanzas, Más finanzas, MásFin@nzas, MásFinan@z, MásFinanz@s, MásFinanzas, Newswriter, Nu México, Nubank, Open hub news, PL, PT50, PYMNTS, PayPal, Paymnts, Paypers, Peru, Peru21, Perú 21, Perú Retail, Perú retail, Pilotín, PolArg, Pressperu, Publishing, Pymnts, RPP, Reuters, Reuters y CoinTelegraph, Revistaeconomia, Revistaganamas, Revolut, Robinhood, Rpp, SBS, SEC, Santander, Sbs, Segurosyara, Semana Económica, Semanaeconomica, Soypositivo, Startupslatam, Tech Funding, TechCrunch, Techcrunch, Tekiosmag, Temenos, Tha Paypers, The Asian Banker, The Block, The Business Times, The Economist, The Fintech Times, The Guardian, The National, The Paypers, The paypers, ThePaypers, Thepaypers, Trading View, UKTN, Ualá, Ulima, Up, Valoraanalitik, Visa, Vodanovic, Wolet, Www1-folha-uol-com-br, Yahoo Finance, Youtube, artículo de Vodanovic en Gestión, artículo de opinión de Ljubica Vodanovic en Gestión, eToro, elias, finnovista, iProup, informe de opinión - Gestión, latamfintech hub, no va, ok, opcional, repe?, reuters, video
  Regions: Internacional, Local
warning: in the working copy of 'index.html', LF will be replaced by CRLF the next time Git touches it
[main 83e879e] actualizacion automatica diaria
 2 files changed, 77 insertions(+), 24 deletions(-)
To https://github.com/CISNECIO/rp_news.git
   0b0e573..83e879e  main -> main
[2026-04-08  9:13:09,79] Fin OK
==================================================
[2026-04-08 15:07:08,08] Inicio
From https://github.com/CISNECIO/rp_news
 * branch            main       -> FETCH_HEAD
Already up to date.
 Converted 2905 articles -> C:\Users\2822\OneDrive - BCRP\DAIFR - Noticias de innovación financiera\Recopilación NI\rp-news-project-v11\rp-news\data\news.json
  Categories: Banca, Fintech, Inversiones, Pagos, Regulación
  Sources: 24/7, 6minutos, ANNA, Alfintech, Americaeconomia, América Economía, Andina, Asbanc, Astropay, BBVA, BIS, BNP Pariba, BNP Paribas, Banco Central de Canadá, Bank and Finance, Bankofengland, Bbva, Bcrp, Bcrportal, Belvo, Bigdata, Bing, Bis, Bitpanda, Blog, Bloomberg, Bloomberg en Línea, Bloomberglinea, Bnamericas, Br, Braziljournal, Business Insider, Business Post, Business empresarial, Businessempresarial, Businesswire, Bvl, CNBC, Cajaarequipa, Cajaica, Centralbanking, Cepal, Chocale, Cinco Días, City, Cloud, Coinbase, Coindesk, Colombiafintech, Comercio, Commbank, Computerweekly, Connecting the dots in Fintech, Cronista, Cryptonomist, Df, Dfmas, Dfsud, Diario Financiero, Diario UNO, Diarioelpueblo, Diariohoy, Digital Asset Hub, Drive, Ebis, El Comercio, El Economista, El Mercurio, El Mercurio Chile, El Peruano, El Pueblo, El comercio, ElComercio, Elceo, Elcomercio, Elespectador, Elliptic, Emol, Emprendedorestv, Es, Exitosa, Exitosanoticias, Expreso, Ey, FCA, FENACREP, FInextra, FX Leaders, Facebook, Fenacrep, Fepcmac, Ffnews, Finance, Finance Magnates, Financial Times, Financial news, Finanzas y Desarrollo del IMF, Finextra, Finsiders, Finsiders Brasil, Fintech, Fintech Futures, Fintech Global, Fintech Global y Finextra, Fintech Magazine, Fintech Magnates, Fintech Review, Fintech Times, Fintech global, FintechWeekly, Fintechfutures, Fintechnews, Fintextra, Forbes, Forbes Perú, Fpcmac, Ft, Fuente no identificada, Gan@ Más, Gan@ más, Gan@Más, Gana más, GanaMás, Ganam@s, Ganamás, Gestion, Gestión, Gestión - versión impresa, Gestión versión impresa, Gestión versión mpresa, Gestión y Semana Económica, Global Fintech Insider, Globalclient, Gob, Google, Google Cloud, Grupocredicorp, HSBC, Hola, IADB, IUPANA, Idbinvest, Industry Dive, Infobae, Infomercado, Investor, Iupana, J.P. Morgan, JP Morgan, Klarna, Kushki, Kyivpost, LRT, La Contra, La Razón, La República, La Tercera, Larepublica, Latam Fintech, Latam Fintech Hub, Latam Fintech hub, LatamFintech, Latamfintech, Linkedin, Lloys Banking Group, Mas, Mas Finanzas, Masfinanzas, Mastercard, Maximo, MicroFinanzas, Microfinanzas, Moneyweb, Más Fin@nzas, Más Finanz@s, Más Finanzas, Más finanzas, MásFin@nzas, MásFinan@z, MásFinanz@s, MásFinanzas, Newswriter, Nu México, Nubank, Open hub news, PL, PT50, PYMNTS, PayPal, Paymnts, Paypers, Peru, Peru21, Perú 21, Perú Retail, Perú retail, Pilotín, PolArg, Pressperu, Publishing, Pymnts, RPP, Reuters, Reuters y CoinTelegraph, Revistaeconomia, Revistaganamas, Revolut, Robinhood, Rpp, SBS, SEC, Santander, Sbs, Segurosyara, Semana Económica, Semanaeconomica, Soypositivo, Startupslatam, Tech Funding, TechCrunch, Techcrunch, Tekiosmag, Temenos, Tha Paypers, The Asian Banker, The Block, The Business Times, The Economist, The Fintech Times, The Guardian, The National, The Paypers, The paypers, ThePaypers, Thepaypers, Trading View, UKTN, Ualá, Ulima, Up, Valoraanalitik, Visa, Vodanovic, Wolet, Www1-folha-uol-com-br, Yahoo Finance, Youtube, artículo de Vodanovic en Gestión, artículo de opinión de Ljubica Vodanovic en Gestión, eToro, elias, finnovista, iProup, informe de opinión - Gestión, latamfintech hub, no va, ok, opcional, repe?, reuters, video
  Regions: Internacional, Local
[main 4a4afde] actualizacion automatica diaria
 1 file changed, 1 insertion(+), 1 deletion(-)
To https://github.com/CISNECIO/rp_news.git
   83e879e..4a4afde  main -> main
[2026-04-08 15:07:34,60] Fin OK
==================================================
[2026-04-10  8:10:37,74] Inicio
fatal: unable to access 'https://github.com/CISNECIO/rp_news.git/': CONNECT tunnel failed, response 407
[2026-04-10  8:10:39,39] ERROR
==================================================
[2026-04-13  8:10:39,54] Inicio
fatal: unable to access 'https://github.com/CISNECIO/rp_news.git/': CONNECT tunnel failed, response 407
[2026-04-13  8:10:48,20] ERROR
==================================================
[2026-04-16 15:50:44,19] Inicio
fatal: unable to access 'https://github.com/CISNECIO/rp_news.git/': CONNECT tunnel failed, response 407
[2026-04-16 15:50:49,87] ERROR
